References from http://en.wikipedia.org/wiki/QED_(text_editor)
Ritchie, Dennis (February 12, 2004), An incomplete history of the QED Text Editor, Murray Hill: Bell Labs.
B. W. Kernighan, "A Guide to the Advanced Use of QED Text Editor", MM-70-1373-7 (July 1970), reprinted as "A Guide to Advanced Use of QED Text Editor", MHCC-003, Murray Hill Computing, Bell Laboratories (October, 1972).
B. W. Kernighan, "A Tutorial Introduction to the QED Text Editor under GE-TSS", MM-70-1373-6 (June 1970), reprinted as "Tutorial Introduction to QED Text Editor", MHCC-002, Murray Hill Computing, Bell Laboratories (October, 1972).
Deutsch, L. Peter; Lampson, Butler W. (1967), "An online editor", Communications of the ACM 10 (12): 793–799, 803, doi:10.1145/363848.363863, p. 793.
van Dam, Andries; Rice, David E. (1971), "On-line Text Editing: A Survey", ACM Computing Surveys 3 (3): 93–114, doi:10.1145/356589.356591.
op. cit. Ritchie
op. cit. van Dam
Angluin, Dana C.; Deutsch, L. Peter (March 26, 1968), Reference Manual: Q. E. D. Time-Sharing Editor, Washington: Office of Secretary of Defence.
Lampson, Butler (January 12, 2007), Systems, Redmond: research.microsoft.com, retrieved 2008-04-05.
op. cit. Angluin
op. cit. Lampson
B. W. Kernighan, "A Guide to the Advanced Use of QED Text Editor", MM-70-1373-7 (July 1970), reprinted as "A Guide to Advanced Use of QED Text Editor", MHCC-003, Murray Hill Computing, Bell Laboratories (October, 1972).
D. M. Ritchie and K. L. Thompson, "QED Text Editor", MM-70-1373-3 (June 1970), reprinted as "QED Text Editor Reference Manual", MHCC-004, Murray Hill Computing, Bell Laboratories (October 1972).
B. W. Kernighan, "A Tutorial Introduction to the QED Text Editor under GE-TSS", MM-70-1373-6 (June 1970), reprinted as "Tutorial Introduction to QED Text Editor", MHCC-002, Murray Hill Computing, Bell Laboratories (October, 1972).
op. cit. D. M. Ritchie and K. L. Thompson
op. cit. Deutsch
