Aarhus
Belarus
op. cit. Aarhus
ibid.
op. cit. Belarus
Aarhus, again
Aarhus
