Aarhus,
Belarus
Aarhus
Aarhus,
ibid.
op. cit. Belarus
op. cit. Aarhus
Aarhus, again
Aarhus
