Moriarty, "On the Dynamics of an Asteroid," Journal of Selenological Metaphysics, 1904.
Stargardt and Chudzinski, "Destructive Testing of C Programs," Fifth International Symposium on Cyberentomology, 2003.
ibid.
op. cit. Moriarty
Moriarty, "Practical Applications of Solvents," Criminology Review Letters, 1906.
Russano, "History of the Comma," Punctuality, 1997.
op. cit. Moriarty
op. cit. Stargardt and Chudzinski
Moriarty, "On the Dynamics of an Asteroid," Journal of Selenological Metaphysics, 1904.
